------------------------------------------------------------
TimeQuest Timing Analyzer Summary
------------------------------------------------------------

Type  : Slow Model Setup 'select'
Slack : -125.374
TNS   : -18852.722

Type  : Slow Model Setup 'clock_25M_divider:inst_clock_25M|clk_out'
Slack : -11.829
TNS   : -418.912

Type  : Slow Model Setup 'clock_1Hz_divider:inst_clock_1Hz|clk_out'
Slack : -7.368
TNS   : -277.407

Type  : Slow Model Setup 'clock_50M'
Slack : -7.065
TNS   : -237.642

Type  : Slow Model Hold 'clock_50M'
Slack : -2.558
TNS   : -5.088

Type  : Slow Model Hold 'select'
Slack : 0.391
TNS   : 0.000

Type  : Slow Model Hold 'clock_1Hz_divider:inst_clock_1Hz|clk_out'
Slack : 0.539
TNS   : 0.000

Type  : Slow Model Hold 'clock_25M_divider:inst_clock_25M|clk_out'
Slack : 0.824
TNS   : 0.000

Type  : Slow Model Minimum Pulse Width 'clock_50M'
Slack : -1.380
TNS   : -67.380

Type  : Slow Model Minimum Pulse Width 'select'
Slack : -1.222
TNS   : -169.222

Type  : Slow Model Minimum Pulse Width 'clock_1Hz_divider:inst_clock_1Hz|clk_out'
Slack : -0.500
TNS   : -64.000

Type  : Slow Model Minimum Pulse Width 'clock_25M_divider:inst_clock_25M|clk_out'
Slack : -0.500
TNS   : -52.000

Type  : Fast Model Setup 'select'
Slack : -54.929
TNS   : -8271.726

Type  : Fast Model Setup 'clock_25M_divider:inst_clock_25M|clk_out'
Slack : -4.948
TNS   : -166.938

Type  : Fast Model Setup 'clock_50M'
Slack : -2.917
TNS   : -84.113

Type  : Fast Model Setup 'clock_1Hz_divider:inst_clock_1Hz|clk_out'
Slack : -2.790
TNS   : -93.816

Type  : Fast Model Hold 'clock_50M'
Slack : -1.598
TNS   : -3.172

Type  : Fast Model Hold 'select'
Slack : 0.215
TNS   : 0.000

Type  : Fast Model Hold 'clock_1Hz_divider:inst_clock_1Hz|clk_out'
Slack : 0.246
TNS   : 0.000

Type  : Fast Model Hold 'clock_25M_divider:inst_clock_25M|clk_out'
Slack : 0.367
TNS   : 0.000

Type  : Fast Model Minimum Pulse Width 'clock_50M'
Slack : -1.380
TNS   : -67.380

Type  : Fast Model Minimum Pulse Width 'select'
Slack : -1.222
TNS   : -169.222

Type  : Fast Model Minimum Pulse Width 'clock_1Hz_divider:inst_clock_1Hz|clk_out'
Slack : -0.500
TNS   : -64.000

Type  : Fast Model Minimum Pulse Width 'clock_25M_divider:inst_clock_25M|clk_out'
Slack : -0.500
TNS   : -52.000

------------------------------------------------------------
